{"time":"2026-10-11T00:39:17.125695963Z","level":"INFO","msg":"relay.started","component":"relay","auth_timeout_ms":5000,"pair_timeout_ms":5000,"delivery_timeout_ms":30000,"heartbeat_ms":15000,"max_hosts":20000,"max_clients":20000,"max_clients_per_host":64,"max_pending_per_host":64}
{"time":"2026-10-11T00:39:17.128575444Z","level":"INFO","msg":"request.begin","component":"relay","trace_id":"XQTPSR5ANUT5CCWG","route":"control","client_tag":"Ct6DkhJvHm_2","endpoint_tag":"js6LuTH0865q","elapsed_ms":0}
{"time":"2026-10-11T00:39:17.128682985Z","level":"INFO","msg":"socket.upgraded","component":"relay","trace_id":"XQTPSR5ANUT5CCWG","route":"control","client_tag":"Ct6DkhJvHm_2","endpoint_tag":"js6LuTH0865q","elapsed_ms":0}
{"time":"2026-10-11T00:39:17.128696569Z","level":"INFO","msg":"control.challenge.sending","component":"relay","trace_id":"XQTPSR5ANUT5CCWG","route":"control","client_tag":"Ct6DkhJvHm_2","endpoint_tag":"js6LuTH0865q","elapsed_ms":0,"auth_timeout_ms":5000}
{"time":"2026-10-11T00:39:17.128781943Z","level":"INFO","msg":"control.challenge.sent","component":"relay","trace_id":"XQTPSR5ANUT5CCWG","route":"control","client_tag":"Ct6DkhJvHm_2","endpoint_tag":"js6LuTH0865q","elapsed_ms":0}
{"time":"2026-10-11T00:39:17.129041733Z","level":"INFO","msg":"control.auth.accepted","component":"relay","trace_id":"XQTPSR5ANUT5CCWG","route":"control","client_tag":"Ct6DkhJvHm_2","endpoint_tag":"js6LuTH0865q","elapsed_ms":0}
{"time":"2026-10-11T00:39:17.129054691Z","level":"INFO","msg":"host.registered","component":"relay","trace_id":"XQTPSR5ANUT5CCWG","route":"control","client_tag":"Ct6DkhJvHm_2","endpoint_tag":"js6LuTH0865q","elapsed_ms":0,"superseded_previous":false}
{"time":"2026-10-11T00:39:17.129208274Z","level":"INFO","msg":"request.begin","component":"relay","trace_id":"XUTGQ6T2Y7DRH2JO","route":"connect","client_tag":"Ct6DkhJvHm_2","endpoint_tag":"js6LuTH0865q","elapsed_ms":0}
{"time":"2026-10-11T00:39:17.12923869Z","level":"INFO","msg":"pair.created","component":"relay","trace_id":"XUTGQ6T2Y7DRH2JO","route":"connect","client_tag":"Ct6DkhJvHm_2","endpoint_tag":"js6LuTH0865q","pair_tag":"ibia8TKa8GQ9","elapsed_ms":0,"pair_timeout_ms":5000,"control_trace_id":"XQTPSR5ANUT5CCWG"}
{"time":"2026-10-11T00:39:17.129267273Z","level":"INFO","msg":"socket.upgraded","component":"relay","trace_id":"XUTGQ6T2Y7DRH2JO","route":"connect","client_tag":"Ct6DkhJvHm_2","endpoint_tag":"js6LuTH0865q","elapsed_ms":0}
{"time":"2026-10-11T00:39:17.129282523Z","level":"INFO","msg":"pair.host.notification","component":"relay","trace_id":"XUTGQ6T2Y7DRH2JO","route":"connect","client_tag":"Ct6DkhJvHm_2","endpoint_tag":"js6LuTH0865q","pair_tag":"ibia8TKa8GQ9","elapsed_ms":0,"outcome":"queued"}
{"time":"2026-10-11T00:39:17.12929044Z","level":"INFO","msg":"peer.waiting_for_pair","component":"relay","trace_id":"XUTGQ6T2Y7DRH2JO","route":"connect","client_tag":"Ct6DkhJvHm_2","endpoint_tag":"js6LuTH0865q","pair_tag":"ibia8TKa8GQ9","peer":"client","elapsed_ms":0}
{"time":"2026-10-11T00:39:17.129467897Z","level":"INFO","msg":"request.begin","component":"relay","trace_id":"KNKHA2OCZ4NNVE5X","route":"accept","client_tag":"Ct6DkhJvHm_2","endpoint_tag":"js6LuTH0865q","elapsed_ms":0}
{"time":"2026-10-11T00:39:17.129495772Z","level":"INFO","msg":"pair.accept.authorized","component":"relay","trace_id":"KNKHA2OCZ4NNVE5X","route":"accept","client_tag":"Ct6DkhJvHm_2","endpoint_tag":"js6LuTH0865q","pair_tag":"ibia8TKa8GQ9","client_trace_id":"XUTGQ6T2Y7DRH2JO","elapsed_ms":0}
{"time":"2026-10-11T00:39:17.129552688Z","level":"INFO","msg":"socket.upgraded","component":"relay","trace_id":"KNKHA2OCZ4NNVE5X","route":"accept","client_tag":"Ct6DkhJvHm_2","endpoint_tag":"js6LuTH0865q","elapsed_ms":0}
{"time":"2026-10-11T00:39:17.129571146Z","level":"INFO","msg":"pair.active","component":"relay","trace_id":"XUTGQ6T2Y7DRH2JO","route":"connect","client_tag":"Ct6DkhJvHm_2","endpoint_tag":"js6LuTH0865q","pair_tag":"ibia8TKa8GQ9","elapsed_ms":0,"accept_trace_id":"KNKHA2OCZ4NNVE5X"}
{"time":"2026-10-11T00:39:17.129579813Z","level":"INFO","msg":"peer.waiting_for_pair","component":"relay","trace_id":"KNKHA2OCZ4NNVE5X","route":"accept","client_tag":"Ct6DkhJvHm_2","endpoint_tag":"js6LuTH0865q","pair_tag":"ibia8TKa8GQ9","client_trace_id":"XUTGQ6T2Y7DRH2JO","peer":"host","elapsed_ms":0}
{"time":"2026-10-11T00:39:17.129609354Z","level":"INFO","msg":"peer.forwarding.started","component":"relay","trace_id":"KNKHA2OCZ4NNVE5X","route":"accept","client_tag":"Ct6DkhJvHm_2","endpoint_tag":"js6LuTH0865q","pair_tag":"ibia8TKa8GQ9","client_trace_id":"XUTGQ6T2Y7DRH2JO","peer":"host","elapsed_ms":0}
{"time":"2026-10-11T00:39:17.129585313Z","level":"INFO","msg":"peer.forwarding.started","component":"relay","trace_id":"XUTGQ6T2Y7DRH2JO","route":"connect","client_tag":"Ct6DkhJvHm_2","endpoint_tag":"js6LuTH0865q","pair_tag":"ibia8TKa8GQ9","peer":"client","elapsed_ms":0}
{"time":"2026-10-11T00:39:17.129641854Z","level":"INFO","msg":"peer.message.first","component":"relay","trace_id":"XUTGQ6T2Y7DRH2JO","route":"connect","client_tag":"Ct6DkhJvHm_2","endpoint_tag":"js6LuTH0865q","pair_tag":"ibia8TKa8GQ9","peer":"client","elapsed_ms":0,"message_type":1,"bytes":7}
{"time":"2026-10-11T00:39:17.129750103Z","level":"INFO","msg":"peer.message.first","component":"relay","trace_id":"KNKHA2OCZ4NNVE5X","route":"accept","client_tag":"Ct6DkhJvHm_2","endpoint_tag":"js6LuTH0865q","pair_tag":"ibia8TKa8GQ9","client_trace_id":"XUTGQ6T2Y7DRH2JO","peer":"host","elapsed_ms":0,"message_type":1,"bytes":7}
{"time":"2026-10-11T00:39:17.13002656Z","level":"INFO","msg":"peer.read.ended","component":"relay","trace_id":"KNKHA2OCZ4NNVE5X","route":"accept","client_tag":"Ct6DkhJvHm_2","endpoint_tag":"js6LuTH0865q","pair_tag":"ibia8TKa8GQ9","client_trace_id":"XUTGQ6T2Y7DRH2JO","peer":"host","elapsed_ms":0,"close_code":1006,"error_kind":"websocket_close"}
{"time":"2026-10-11T00:39:17.130044101Z","level":"INFO","msg":"pair.closing","component":"relay","trace_id":"XUTGQ6T2Y7DRH2JO","route":"connect","client_tag":"Ct6DkhJvHm_2","endpoint_tag":"js6LuTH0865q","pair_tag":"ibia8TKa8GQ9","elapsed_ms":0,"phase":"active","close_code":1001,"reason":"peer disconnected"}
{"time":"2026-10-11T00:39:17.130088101Z","level":"INFO","msg":"peer.read.ended","component":"relay","trace_id":"XUTGQ6T2Y7DRH2JO","route":"connect","client_tag":"Ct6DkhJvHm_2","endpoint_tag":"js6LuTH0865q","pair_tag":"ibia8TKa8GQ9","peer":"client","elapsed_ms":0,"close_code":0,"error_kind":"io_error"}
{"time":"2026-10-11T00:39:17.130142809Z","level":"INFO","msg":"peer.ended","component":"relay","trace_id":"XUTGQ6T2Y7DRH2JO","route":"connect","client_tag":"Ct6DkhJvHm_2","endpoint_tag":"js6LuTH0865q","pair_tag":"ibia8TKa8GQ9","peer":"client","elapsed_ms":0,"forwarded_bytes":7288,"forwarded_messages":14}
{"time":"2026-10-11T00:39:17.130151476Z","level":"INFO","msg":"request.end","component":"relay","trace_id":"XUTGQ6T2Y7DRH2JO","route":"connect","client_tag":"Ct6DkhJvHm_2","endpoint_tag":"js6LuTH0865q","elapsed_ms":0,"status":101,"upgraded":true}
{"time":"2026-10-11T00:39:17.130125351Z","level":"INFO","msg":"control.read.ended","component":"relay","trace_id":"XQTPSR5ANUT5CCWG","route":"control","client_tag":"Ct6DkhJvHm_2","endpoint_tag":"js6LuTH0865q","peer":"control","elapsed_ms":1,"close_code":0,"error_kind":"io_error"}
{"time":"2026-10-11T00:39:17.130207934Z","level":"INFO","msg":"host.removed","component":"relay","trace_id":"XQTPSR5ANUT5CCWG","route":"control","client_tag":"Ct6DkhJvHm_2","endpoint_tag":"js6LuTH0865q","elapsed_ms":1,"pairs_closing":0,"bytes_to_host":7288,"bytes_from_host":3127}
{"time":"2026-10-11T00:39:17.130215934Z","level":"INFO","msg":"request.begin","component":"relay","trace_id":"FYH52UCUUNRTI6LC","route":"control","client_tag":"Ct6DkhJvHm_2","endpoint_tag":"UrC4yXA5B1qG","elapsed_ms":0}
{"time":"2026-10-11T00:39:17.1302181Z","level":"INFO","msg":"peer.close.sending","component":"relay","trace_id":"XQTPSR5ANUT5CCWG","route":"control","client_tag":"Ct6DkhJvHm_2","endpoint_tag":"js6LuTH0865q","peer":"control","elapsed_ms":1,"close_code":1001,"reason":"peer disconnected"}
{"time":"2026-10-11T00:39:17.130292141Z","level":"INFO","msg":"request.end","component":"relay","trace_id":"XQTPSR5ANUT5CCWG","route":"control","client_tag":"Ct6DkhJvHm_2","endpoint_tag":"js6LuTH0865q","elapsed_ms":1,"status":101,"upgraded":true}
{"time":"2026-10-11T00:39:17.130132517Z","level":"INFO","msg":"peer.ended","component":"relay","trace_id":"KNKHA2OCZ4NNVE5X","route":"accept","client_tag":"Ct6DkhJvHm_2","endpoint_tag":"js6LuTH0865q","pair_tag":"ibia8TKa8GQ9","client_trace_id":"XUTGQ6T2Y7DRH2JO","peer":"host","elapsed_ms":0,"forwarded_bytes":3127,"forwarded_messages":6}
{"time":"2026-10-11T00:39:17.130320308Z","level":"INFO","msg":"pair.closed","component":"relay","trace_id":"XUTGQ6T2Y7DRH2JO","route":"connect","client_tag":"Ct6DkhJvHm_2","endpoint_tag":"js6LuTH0865q","pair_tag":"ibia8TKa8GQ9","elapsed_ms":1,"phase":"active","close_code":1001,"reason":"peer disconnected","bytes_to_host":7288,"bytes_to_client":3127,"messages_to_host":14,"messages_to_client":6}
{"time":"2026-10-11T00:39:17.130327016Z","level":"INFO","msg":"request.end","component":"relay","trace_id":"KNKHA2OCZ4NNVE5X","route":"accept","client_tag":"Ct6DkhJvHm_2","endpoint_tag":"js6LuTH0865q","elapsed_ms":0,"status":101,"upgraded":true}
{"time":"2026-10-11T00:39:17.130337016Z","level":"INFO","msg":"socket.upgraded","component":"relay","trace_id":"FYH52UCUUNRTI6LC","route":"control","client_tag":"Ct6DkhJvHm_2","endpoint_tag":"UrC4yXA5B1qG","elapsed_ms":0}
{"time":"2026-10-11T00:39:17.130343641Z","level":"INFO","msg":"control.challenge.sending","component":"relay","trace_id":"FYH52UCUUNRTI6LC","route":"control","client_tag":"Ct6DkhJvHm_2","endpoint_tag":"UrC4yXA5B1qG","elapsed_ms":0,"auth_timeout_ms":5000}
{"time":"2026-10-11T00:39:17.130400932Z","level":"INFO","msg":"control.challenge.sent","component":"relay","trace_id":"FYH52UCUUNRTI6LC","route":"control","client_tag":"Ct6DkhJvHm_2","endpoint_tag":"UrC4yXA5B1qG","elapsed_ms":0}
{"time":"2026-10-11T00:39:17.130459474Z","level":"INFO","msg":"control.auth.accepted","component":"relay","trace_id":"FYH52UCUUNRTI6LC","route":"control","client_tag":"Ct6DkhJvHm_2","endpoint_tag":"UrC4yXA5B1qG","elapsed_ms":0}
{"time":"2026-10-11T00:39:17.130468765Z","level":"INFO","msg":"host.registered","component":"relay","trace_id":"FYH52UCUUNRTI6LC","route":"control","client_tag":"Ct6DkhJvHm_2","endpoint_tag":"UrC4yXA5B1qG","elapsed_ms":0,"superseded_previous":false}
{"time":"2026-10-11T00:39:17.130595348Z","level":"INFO","msg":"request.begin","component":"relay","trace_id":"U3R3VUVROQGEE375","route":"connect","client_tag":"Ct6DkhJvHm_2","endpoint_tag":"UrC4yXA5B1qG","elapsed_ms":0}
{"time":"2026-10-11T00:39:17.130614223Z","level":"INFO","msg":"pair.created","component":"relay","trace_id":"U3R3VUVROQGEE375","route":"connect","client_tag":"Ct6DkhJvHm_2","endpoint_tag":"UrC4yXA5B1qG","pair_tag":"gvIlIE4KC-Lg","elapsed_ms":0,"pair_timeout_ms":5000,"control_trace_id":"FYH52UCUUNRTI6LC"}
{"time":"2026-10-11T00:39:17.130635514Z","level":"INFO","msg":"socket.upgraded","component":"relay","trace_id":"U3R3VUVROQGEE375","route":"connect","client_tag":"Ct6DkhJvHm_2","endpoint_tag":"UrC4yXA5B1qG","elapsed_ms":0}
{"time":"2026-10-11T00:39:17.130647597Z","level":"INFO","msg":"pair.host.notification","component":"relay","trace_id":"U3R3VUVROQGEE375","route":"connect","client_tag":"Ct6DkhJvHm_2","endpoint_tag":"UrC4yXA5B1qG","pair_tag":"gvIlIE4KC-Lg","elapsed_ms":0,"outcome":"queued"}
{"time":"2026-10-11T00:39:17.130654264Z","level":"INFO","msg":"peer.waiting_for_pair","component":"relay","trace_id":"U3R3VUVROQGEE375","route":"connect","client_tag":"Ct6DkhJvHm_2","endpoint_tag":"UrC4yXA5B1qG","pair_tag":"gvIlIE4KC-Lg","peer":"client","elapsed_ms":0}
{"time":"2026-10-11T00:39:17.130782722Z","level":"INFO","msg":"request.begin","component":"relay","trace_id":"G5DMJWHPRILM4NB5","route":"accept","client_tag":"Ct6DkhJvHm_2","endpoint_tag":"UrC4yXA5B1qG","elapsed_ms":0}
{"time":"2026-10-11T00:39:17.130795638Z","level":"INFO","msg":"pair.accept.authorized","component":"relay","trace_id":"G5DMJWHPRILM4NB5","route":"accept","client_tag":"Ct6DkhJvHm_2","endpoint_tag":"UrC4yXA5B1qG","pair_tag":"gvIlIE4KC-Lg","client_trace_id":"U3R3VUVROQGEE375","elapsed_ms":0}
{"time":"2026-10-11T00:39:17.130824263Z","level":"INFO","msg":"socket.upgraded","component":"relay","trace_id":"G5DMJWHPRILM4NB5","route":"accept","client_tag":"Ct6DkhJvHm_2","endpoint_tag":"UrC4yXA5B1qG","elapsed_ms":0}
{"time":"2026-10-11T00:39:17.130833638Z","level":"INFO","msg":"pair.active","component":"relay","trace_id":"U3R3VUVROQGEE375","route":"connect","client_tag":"Ct6DkhJvHm_2","endpoint_tag":"UrC4yXA5B1qG","pair_tag":"gvIlIE4KC-Lg","elapsed_ms":0,"accept_trace_id":"G5DMJWHPRILM4NB5"}
{"time":"2026-10-11T00:39:17.130839013Z","level":"INFO","msg":"peer.waiting_for_pair","component":"relay","trace_id":"G5DMJWHPRILM4NB5","route":"accept","client_tag":"Ct6DkhJvHm_2","endpoint_tag":"UrC4yXA5B1qG","pair_tag":"gvIlIE4KC-Lg","client_trace_id":"U3R3VUVROQGEE375","peer":"host","elapsed_ms":0}
{"time":"2026-10-11T00:39:17.130844096Z","level":"INFO","msg":"peer.forwarding.started","component":"relay","trace_id":"G5DMJWHPRILM4NB5","route":"accept","client_tag":"Ct6DkhJvHm_2","endpoint_tag":"UrC4yXA5B1qG","pair_tag":"gvIlIE4KC-Lg","client_trace_id":"U3R3VUVROQGEE375","peer":"host","elapsed_ms":0}
{"time":"2026-10-11T00:39:17.130850429Z","level":"INFO","msg":"peer.forwarding.started","component":"relay","trace_id":"U3R3VUVROQGEE375","route":"connect","client_tag":"Ct6DkhJvHm_2","endpoint_tag":"UrC4yXA5B1qG","pair_tag":"gvIlIE4KC-Lg","peer":"client","elapsed_ms":0}
{"time":"2026-10-11T00:39:17.130896137Z","level":"INFO","msg":"peer.message.first","component":"relay","trace_id":"U3R3VUVROQGEE375","route":"connect","client_tag":"Ct6DkhJvHm_2","endpoint_tag":"UrC4yXA5B1qG","pair_tag":"gvIlIE4KC-Lg","peer":"client","elapsed_ms":0,"message_type":1,"bytes":7}
{"time":"2026-10-11T00:39:17.130925887Z","level":"INFO","msg":"peer.message.first","component":"relay","trace_id":"G5DMJWHPRILM4NB5","route":"accept","client_tag":"Ct6DkhJvHm_2","endpoint_tag":"UrC4yXA5B1qG","pair_tag":"gvIlIE4KC-Lg","client_trace_id":"U3R3VUVROQGEE375","peer":"host","elapsed_ms":0,"message_type":1,"bytes":7}
{"time":"2026-10-11T00:39:17.131127053Z","level":"INFO","msg":"peer.read.ended","component":"relay","trace_id":"U3R3VUVROQGEE375","route":"connect","client_tag":"Ct6DkhJvHm_2","endpoint_tag":"UrC4yXA5B1qG","pair_tag":"gvIlIE4KC-Lg","peer":"client","elapsed_ms":0,"close_code":1006,"error_kind":"websocket_close"}
{"time":"2026-10-11T00:39:17.131145677Z","level":"INFO","msg":"peer.read.ended","component":"relay","trace_id":"G5DMJWHPRILM4NB5","route":"accept","client_tag":"Ct6DkhJvHm_2","endpoint_tag":"UrC4yXA5B1qG","pair_tag":"gvIlIE4KC-Lg","client_trace_id":"U3R3VUVROQGEE375","peer":"host","elapsed_ms":0,"close_code":1006,"error_kind":"websocket_close"}
{"time":"2026-10-11T00:39:17.131187302Z","level":"INFO","msg":"control.read.ended","component":"relay","trace_id":"FYH52UCUUNRTI6LC","route":"control","client_tag":"Ct6DkhJvHm_2","endpoint_tag":"UrC4yXA5B1qG","peer":"control","elapsed_ms":0,"close_code":1006,"error_kind":"websocket_close"}
{"time":"2026-10-11T00:39:17.131207552Z","level":"INFO","msg":"pair.closing","component":"relay","trace_id":"U3R3VUVROQGEE375","route":"connect","client_tag":"Ct6DkhJvHm_2","endpoint_tag":"UrC4yXA5B1qG","pair_tag":"gvIlIE4KC-Lg","elapsed_ms":0,"phase":"active","close_code":1001,"reason":"peer disconnected"}
{"time":"2026-10-11T00:39:17.131244135Z","level":"INFO","msg":"host.removed","component":"relay","trace_id":"FYH52UCUUNRTI6LC","route":"control","client_tag":"Ct6DkhJvHm_2","endpoint_tag":"UrC4yXA5B1qG","elapsed_ms":1,"pairs_closing":0,"bytes_to_host":7288,"bytes_from_host":3127}
{"time":"2026-10-11T00:39:17.131253802Z","level":"INFO","msg":"peer.close.sending","component":"relay","trace_id":"FYH52UCUUNRTI6LC","route":"control","client_tag":"Ct6DkhJvHm_2","endpoint_tag":"UrC4yXA5B1qG","peer":"control","elapsed_ms":1,"close_code":1001,"reason":"peer disconnected"}
{"time":"2026-10-11T00:39:17.13128351Z","level":"INFO","msg":"request.end","component":"relay","trace_id":"FYH52UCUUNRTI6LC","route":"control","client_tag":"Ct6DkhJvHm_2","endpoint_tag":"UrC4yXA5B1qG","elapsed_ms":1,"status":101,"upgraded":true}
{"time":"2026-10-11T00:39:17.131372051Z","level":"INFO","msg":"peer.ended","component":"relay","trace_id":"U3R3VUVROQGEE375","route":"connect","client_tag":"Ct6DkhJvHm_2","endpoint_tag":"UrC4yXA5B1qG","pair_tag":"gvIlIE4KC-Lg","peer":"client","elapsed_ms":0,"forwarded_bytes":7288,"forwarded_messages":14}
{"time":"2026-10-11T00:39:17.131401009Z","level":"INFO","msg":"request.end","component":"relay","trace_id":"U3R3VUVROQGEE375","route":"connect","client_tag":"Ct6DkhJvHm_2","endpoint_tag":"UrC4yXA5B1qG","elapsed_ms":0,"status":101,"upgraded":true}
{"time":"2026-10-11T00:39:17.131417176Z","level":"INFO","msg":"peer.ended","component":"relay","trace_id":"G5DMJWHPRILM4NB5","route":"accept","client_tag":"Ct6DkhJvHm_2","endpoint_tag":"UrC4yXA5B1qG","pair_tag":"gvIlIE4KC-Lg","client_trace_id":"U3R3VUVROQGEE375","peer":"host","elapsed_ms":0,"forwarded_bytes":3127,"forwarded_messages":6}
{"time":"2026-10-11T00:39:17.131425842Z","level":"INFO","msg":"pair.closed","component":"relay","trace_id":"U3R3VUVROQGEE375","route":"connect","client_tag":"Ct6DkhJvHm_2","endpoint_tag":"UrC4yXA5B1qG","pair_tag":"gvIlIE4KC-Lg","elapsed_ms":0,"phase":"active","close_code":1001,"reason":"peer disconnected","bytes_to_host":7288,"bytes_to_client":3127,"messages_to_host":14,"messages_to_client":6}
{"time":"2026-10-11T00:39:17.131434426Z","level":"INFO","msg":"request.end","component":"relay","trace_id":"G5DMJWHPRILM4NB5","route":"accept","client_tag":"Ct6DkhJvHm_2","endpoint_tag":"UrC4yXA5B1qG","elapsed_ms":0,"status":101,"upgraded":true}
{"time":"2026-10-11T00:39:17.131474759Z","level":"INFO","msg":"request.begin","component":"relay","trace_id":"TO3I4Y5MHUA2JTR6","route":"control","client_tag":"Ct6DkhJvHm_2","endpoint_tag":"JheYDn94Gz8e","elapsed_ms":0}
{"time":"2026-10-11T00:39:17.131496758Z","level":"INFO","msg":"socket.upgraded","component":"relay","trace_id":"TO3I4Y5MHUA2JTR6","route":"control","client_tag":"Ct6DkhJvHm_2","endpoint_tag":"JheYDn94Gz8e","elapsed_ms":0}
{"time":"2026-10-11T00:39:17.131504258Z","level":"INFO","msg":"control.challenge.sending","component":"relay","trace_id":"TO3I4Y5MHUA2JTR6","route":"control","client_tag":"Ct6DkhJvHm_2","endpoint_tag":"JheYDn94Gz8e","elapsed_ms":0,"auth_timeout_ms":5000}
{"time":"2026-10-11T00:39:17.131517925Z","level":"INFO","msg":"control.challenge.sent","component":"relay","trace_id":"TO3I4Y5MHUA2JTR6","route":"control","client_tag":"Ct6DkhJvHm_2","endpoint_tag":"JheYDn94Gz8e","elapsed_ms":0}
{"time":"2026-10-11T00:39:17.131632883Z","level":"INFO","msg":"control.auth.accepted","component":"relay","trace_id":"TO3I4Y5MHUA2JTR6","route":"control","client_tag":"Ct6DkhJvHm_2","endpoint_tag":"JheYDn94Gz8e","elapsed_ms":0}
{"time":"2026-10-11T00:39:17.131642758Z","level":"INFO","msg":"host.registered","component":"relay","trace_id":"TO3I4Y5MHUA2JTR6","route":"control","client_tag":"Ct6DkhJvHm_2","endpoint_tag":"JheYDn94Gz8e","elapsed_ms":0,"superseded_previous":false}
{"time":"2026-10-11T00:39:17.131729215Z","level":"INFO","msg":"request.begin","component":"relay","trace_id":"Z7WH6NZQVU3ZXSE5","route":"connect","client_tag":"Ct6DkhJvHm_2","endpoint_tag":"JheYDn94Gz8e","elapsed_ms":0}
{"time":"2026-10-11T00:39:17.131741965Z","level":"INFO","msg":"pair.created","component":"relay","trace_id":"Z7WH6NZQVU3ZXSE5","route":"connect","client_tag":"Ct6DkhJvHm_2","endpoint_tag":"JheYDn94Gz8e","pair_tag":"phlh1J8sfKVl","elapsed_ms":0,"pair_timeout_ms":5000,"control_trace_id":"TO3I4Y5MHUA2JTR6"}
{"time":"2026-10-11T00:39:17.131752257Z","level":"INFO","msg":"socket.upgraded","component":"relay","trace_id":"Z7WH6NZQVU3ZXSE5","route":"connect","client_tag":"Ct6DkhJvHm_2","endpoint_tag":"JheYDn94Gz8e","elapsed_ms":0}
{"time":"2026-10-11T00:39:17.131760048Z","level":"INFO","msg":"pair.host.notification","component":"relay","trace_id":"Z7WH6NZQVU3ZXSE5","route":"connect","client_tag":"Ct6DkhJvHm_2","endpoint_tag":"JheYDn94Gz8e","pair_tag":"phlh1J8sfKVl","elapsed_ms":0,"outcome":"queued"}
{"time":"2026-10-11T00:39:17.131765298Z","level":"INFO","msg":"peer.waiting_for_pair","component":"relay","trace_id":"Z7WH6NZQVU3ZXSE5","route":"connect","client_tag":"Ct6DkhJvHm_2","endpoint_tag":"JheYDn94Gz8e","pair_tag":"phlh1J8sfKVl","peer":"client","elapsed_ms":0}
{"time":"2026-10-11T00:39:17.131849589Z","level":"INFO","msg":"request.begin","component":"relay","trace_id":"BHPL37P7TTS3RNYX","route":"accept","client_tag":"Ct6DkhJvHm_2","endpoint_tag":"JheYDn94Gz8e","elapsed_ms":0}
{"time":"2026-10-11T00:39:17.131860089Z","level":"INFO","msg":"pair.accept.authorized","component":"relay","trace_id":"BHPL37P7TTS3RNYX","route":"accept","client_tag":"Ct6DkhJvHm_2","endpoint_tag":"JheYDn94Gz8e","pair_tag":"phlh1J8sfKVl","client_trace_id":"Z7WH6NZQVU3ZXSE5","elapsed_ms":0}
{"time":"2026-10-11T00:39:17.131870089Z","level":"INFO","msg":"socket.upgraded","component":"relay","trace_id":"BHPL37P7TTS3RNYX","route":"accept","client_tag":"Ct6DkhJvHm_2","endpoint_tag":"JheYDn94Gz8e","elapsed_ms":0}
{"time":"2026-10-11T00:39:17.131876506Z","level":"INFO","msg":"pair.active","component":"relay","trace_id":"Z7WH6NZQVU3ZXSE5","route":"connect","client_tag":"Ct6DkhJvHm_2","endpoint_tag":"JheYDn94Gz8e","pair_tag":"phlh1J8sfKVl","elapsed_ms":0,"accept_trace_id":"BHPL37P7TTS3RNYX"}
{"time":"2026-10-11T00:39:17.131881339Z","level":"INFO","msg":"peer.waiting_for_pair","component":"relay","trace_id":"BHPL37P7TTS3RNYX","route":"accept","client_tag":"Ct6DkhJvHm_2","endpoint_tag":"JheYDn94Gz8e","pair_tag":"phlh1J8sfKVl","client_trace_id":"Z7WH6NZQVU3ZXSE5","peer":"host","elapsed_ms":0}
{"time":"2026-10-11T00:39:17.131886048Z","level":"INFO","msg":"peer.forwarding.started","component":"relay","trace_id":"BHPL37P7TTS3RNYX","route":"accept","client_tag":"Ct6DkhJvHm_2","endpoint_tag":"JheYDn94Gz8e","pair_tag":"phlh1J8sfKVl","client_trace_id":"Z7WH6NZQVU3ZXSE5","peer":"host","elapsed_ms":0}
{"time":"2026-10-11T00:39:17.131891923Z","level":"INFO","msg":"peer.forwarding.started","component":"relay","trace_id":"Z7WH6NZQVU3ZXSE5","route":"connect","client_tag":"Ct6DkhJvHm_2","endpoint_tag":"JheYDn94Gz8e","pair_tag":"phlh1J8sfKVl","peer":"client","elapsed_ms":0}
{"time":"2026-10-11T00:39:17.131924464Z","level":"INFO","msg":"peer.message.first","component":"relay","trace_id":"Z7WH6NZQVU3ZXSE5","route":"connect","client_tag":"Ct6DkhJvHm_2","endpoint_tag":"JheYDn94Gz8e","pair_tag":"phlh1J8sfKVl","peer":"client","elapsed_ms":0,"message_type":1,"bytes":7}
{"time":"2026-10-11T00:39:17.13195438Z","level":"INFO","msg":"peer.message.first","component":"relay","trace_id":"BHPL37P7TTS3RNYX","route":"accept","client_tag":"Ct6DkhJvHm_2","endpoint_tag":"JheYDn94Gz8e","pair_tag":"phlh1J8sfKVl","client_trace_id":"Z7WH6NZQVU3ZXSE5","peer":"host","elapsed_ms":0,"message_type":1,"bytes":7}
{"time":"2026-10-11T00:39:17.132092255Z","level":"INFO","msg":"peer.read.ended","component":"relay","trace_id":"BHPL37P7TTS3RNYX","route":"accept","client_tag":"Ct6DkhJvHm_2","endpoint_tag":"JheYDn94Gz8e","pair_tag":"phlh1J8sfKVl","client_trace_id":"Z7WH6NZQVU3ZXSE5","peer":"host","elapsed_ms":0,"close_code":1006,"error_kind":"websocket_close"}
{"time":"2026-10-11T00:39:17.132189379Z","level":"INFO","msg":"request.begin","component":"relay","trace_id":"ZYOLZ3NKHHOWH3WX","route":"control","client_tag":"Ct6DkhJvHm_2","endpoint_tag":"sEMXKveTZif4","elapsed_ms":0}
{"time":"2026-10-11T00:39:17.132203254Z","level":"INFO","msg":"peer.read.ended","component":"relay","trace_id":"Z7WH6NZQVU3ZXSE5","route":"connect","client_tag":"Ct6DkhJvHm_2","endpoint_tag":"JheYDn94Gz8e","pair_tag":"phlh1J8sfKVl","peer":"client","elapsed_ms":0,"close_code":1006,"error_kind":"websocket_close"}
{"time":"2026-10-11T00:39:17.132210712Z","level":"INFO","msg":"control.read.ended","component":"relay","trace_id":"TO3I4Y5MHUA2JTR6","route":"control","client_tag":"Ct6DkhJvHm_2","endpoint_tag":"JheYDn94Gz8e","peer":"control","elapsed_ms":0,"close_code":1006,"error_kind":"websocket_close"}
{"time":"2026-10-11T00:39:17.132218879Z","level":"INFO","msg":"pair.closing","component":"relay","trace_id":"Z7WH6NZQVU3ZXSE5","route":"connect","client_tag":"Ct6DkhJvHm_2","endpoint_tag":"JheYDn94Gz8e","pair_tag":"phlh1J8sfKVl","elapsed_ms":0,"phase":"active","close_code":1001,"reason":"peer disconnected"}
{"time":"2026-10-11T00:39:17.132248587Z","level":"INFO","msg":"socket.upgraded","component":"relay","trace_id":"ZYOLZ3NKHHOWH3WX","route":"control","client_tag":"Ct6DkhJvHm_2","endpoint_tag":"sEMXKveTZif4","elapsed_ms":0}
{"time":"2026-10-11T00:39:17.132254628Z","level":"INFO","msg":"control.challenge.sending","component":"relay","trace_id":"ZYOLZ3NKHHOWH3WX","route":"control","client_tag":"Ct6DkhJvHm_2","endpoint_tag":"sEMXKveTZif4","elapsed_ms":0,"auth_timeout_ms":5000}
{"time":"2026-10-11T00:39:17.132263253Z","level":"INFO","msg":"control.challenge.sent","component":"relay","trace_id":"ZYOLZ3NKHHOWH3WX","route":"control","client_tag":"Ct6DkhJvHm_2","endpoint_tag":"sEMXKveTZif4","elapsed_ms":0}
{"time":"2026-10-11T00:39:17.132274253Z","level":"INFO","msg":"host.removed","component":"relay","trace_id":"TO3I4Y5MHUA2JTR6","route":"control","client_tag":"Ct6DkhJvHm_2","endpoint_tag":"JheYDn94Gz8e","elapsed_ms":0,"pairs_closing":0,"bytes_to_host":7288,"bytes_from_host":3127}
{"time":"2026-10-11T00:39:17.13228017Z","level":"INFO","msg":"peer.close.sending","component":"relay","trace_id":"TO3I4Y5MHUA2JTR6","route":"control","client_tag":"Ct6DkhJvHm_2","endpoint_tag":"JheYDn94Gz8e","peer":"control","elapsed_ms":0,"close_code":1001,"reason":"peer disconnected"}
{"time":"2026-10-11T00:39:17.132298128Z","level":"INFO","msg":"request.end","component":"relay","trace_id":"TO3I4Y5MHUA2JTR6","route":"control","client_tag":"Ct6DkhJvHm_2","endpoint_tag":"JheYDn94Gz8e","elapsed_ms":0,"status":101,"upgraded":true}
{"time":"2026-10-11T00:39:17.132329628Z","level":"INFO","msg":"peer.ended","component":"relay","trace_id":"BHPL37P7TTS3RNYX","route":"accept","client_tag":"Ct6DkhJvHm_2","endpoint_tag":"JheYDn94Gz8e","pair_tag":"phlh1J8sfKVl","client_trace_id":"Z7WH6NZQVU3ZXSE5","peer":"host","elapsed_ms":0,"forwarded_bytes":3127,"forwarded_messages":6}
{"time":"2026-10-11T00:39:17.132336003Z","level":"INFO","msg":"request.end","component":"relay","trace_id":"BHPL37P7TTS3RNYX","route":"accept","client_tag":"Ct6DkhJvHm_2","endpoint_tag":"JheYDn94Gz8e","elapsed_ms":0,"status":101,"upgraded":true}
{"time":"2026-10-11T00:39:17.132342086Z","level":"INFO","msg":"peer.ended","component":"relay","trace_id":"Z7WH6NZQVU3ZXSE5","route":"connect","client_tag":"Ct6DkhJvHm_2","endpoint_tag":"JheYDn94Gz8e","pair_tag":"phlh1J8sfKVl","peer":"client","elapsed_ms":0,"forwarded_bytes":7288,"forwarded_messages":14}
{"time":"2026-10-11T00:39:17.132347461Z","level":"INFO","msg":"pair.closed","component":"relay","trace_id":"Z7WH6NZQVU3ZXSE5","route":"connect","client_tag":"Ct6DkhJvHm_2","endpoint_tag":"JheYDn94Gz8e","pair_tag":"phlh1J8sfKVl","elapsed_ms":0,"phase":"active","close_code":1001,"reason":"peer disconnected","bytes_to_host":7288,"bytes_to_client":3127,"messages_to_host":14,"messages_to_client":6}
{"time":"2026-10-11T00:39:17.132352961Z","level":"INFO","msg":"request.end","component":"relay","trace_id":"Z7WH6NZQVU3ZXSE5","route":"connect","client_tag":"Ct6DkhJvHm_2","endpoint_tag":"JheYDn94Gz8e","elapsed_ms":0,"status":101,"upgraded":true}
{"time":"2026-10-11T00:39:17.132447461Z","level":"INFO","msg":"control.auth.accepted","component":"relay","trace_id":"ZYOLZ3NKHHOWH3WX","route":"control","client_tag":"Ct6DkhJvHm_2","endpoint_tag":"sEMXKveTZif4","elapsed_ms":0}
{"time":"2026-10-11T00:39:17.132483627Z","level":"INFO","msg":"host.registered","component":"relay","trace_id":"ZYOLZ3NKHHOWH3WX","route":"control","client_tag":"Ct6DkhJvHm_2","endpoint_tag":"sEMXKveTZif4","elapsed_ms":0,"superseded_previous":false}
{"time":"2026-10-11T00:39:17.132569626Z","level":"INFO","msg":"request.begin","component":"relay","trace_id":"GZOJDH6DVIPSH676","route":"connect","client_tag":"Ct6DkhJvHm_2","endpoint_tag":"sEMXKveTZif4","elapsed_ms":0}
{"time":"2026-10-11T00:39:17.132580126Z","level":"INFO","msg":"pair.created","component":"relay","trace_id":"GZOJDH6DVIPSH676","route":"connect","client_tag":"Ct6DkhJvHm_2","endpoint_tag":"sEMXKveTZif4","pair_tag":"4mRMeJgKT8QU","elapsed_ms":0,"pair_timeout_ms":5000,"control_trace_id":"ZYOLZ3NKHHOWH3WX"}
{"time":"2026-10-11T00:39:17.13259146Z","level":"INFO","msg":"socket.upgraded","component":"relay","trace_id":"GZOJDH6DVIPSH676","route":"connect","client_tag":"Ct6DkhJvHm_2","endpoint_tag":"sEMXKveTZif4","elapsed_ms":0}
{"time":"2026-10-11T00:39:17.132610751Z","level":"INFO","msg":"pair.host.notification","component":"relay","trace_id":"GZOJDH6DVIPSH676","route":"connect","client_tag":"Ct6DkhJvHm_2","endpoint_tag":"sEMXKveTZif4","pair_tag":"4mRMeJgKT8QU","elapsed_ms":0,"outcome":"queued"}
{"time":"2026-10-11T00:39:17.132615668Z","level":"INFO","msg":"peer.waiting_for_pair","component":"relay","trace_id":"GZOJDH6DVIPSH676","route":"connect","client_tag":"Ct6DkhJvHm_2","endpoint_tag":"sEMXKveTZif4","pair_tag":"4mRMeJgKT8QU","peer":"client","elapsed_ms":0}
{"time":"2026-10-11T00:39:17.132679459Z","level":"INFO","msg":"request.begin","component":"relay","trace_id":"3SLKWFBMD7A33WCL","route":"accept","client_tag":"Ct6DkhJvHm_2","endpoint_tag":"sEMXKveTZif4","elapsed_ms":0}
{"time":"2026-10-11T00:39:17.132689584Z","level":"INFO","msg":"pair.accept.authorized","component":"relay","trace_id":"3SLKWFBMD7A33WCL","route":"accept","client_tag":"Ct6DkhJvHm_2","endpoint_tag":"sEMXKveTZif4","pair_tag":"4mRMeJgKT8QU","client_trace_id":"GZOJDH6DVIPSH676","elapsed_ms":0}
{"time":"2026-10-11T00:39:17.132698959Z","level":"INFO","msg":"socket.upgraded","component":"relay","trace_id":"3SLKWFBMD7A33WCL","route":"accept","client_tag":"Ct6DkhJvHm_2","endpoint_tag":"sEMXKveTZif4","elapsed_ms":0}
{"time":"2026-10-11T00:39:17.132705001Z","level":"INFO","msg":"pair.active","component":"relay","trace_id":"GZOJDH6DVIPSH676","route":"connect","client_tag":"Ct6DkhJvHm_2","endpoint_tag":"sEMXKveTZif4","pair_tag":"4mRMeJgKT8QU","elapsed_ms":0,"accept_trace_id":"3SLKWFBMD7A33WCL"}
{"time":"2026-10-11T00:39:17.132709667Z","level":"INFO","msg":"peer.waiting_for_pair","component":"relay","trace_id":"3SLKWFBMD7A33WCL","route":"accept","client_tag":"Ct6DkhJvHm_2","endpoint_tag":"sEMXKveTZif4","pair_tag":"4mRMeJgKT8QU","client_trace_id":"GZOJDH6DVIPSH676","peer":"host","elapsed_ms":0}
{"time":"2026-10-11T00:39:17.132714792Z","level":"INFO","msg":"peer.forwarding.started","component":"relay","trace_id":"3SLKWFBMD7A33WCL","route":"accept","client_tag":"Ct6DkhJvHm_2","endpoint_tag":"sEMXKveTZif4","pair_tag":"4mRMeJgKT8QU","client_trace_id":"GZOJDH6DVIPSH676","peer":"host","elapsed_ms":0}
{"time":"2026-10-11T00:39:17.1327205Z","level":"INFO","msg":"peer.forwarding.started","component":"relay","trace_id":"GZOJDH6DVIPSH676","route":"connect","client_tag":"Ct6DkhJvHm_2","endpoint_tag":"sEMXKveTZif4","pair_tag":"4mRMeJgKT8QU","peer":"client","elapsed_ms":0}
{"time":"2026-10-11T00:39:17.132758417Z","level":"INFO","msg":"peer.message.first","component":"relay","trace_id":"GZOJDH6DVIPSH676","route":"connect","client_tag":"Ct6DkhJvHm_2","endpoint_tag":"sEMXKveTZif4","pair_tag":"4mRMeJgKT8QU","peer":"client","elapsed_ms":0,"message_type":1,"bytes":7}
{"time":"2026-10-11T00:39:17.132777958Z","level":"INFO","msg":"peer.message.first","component":"relay","trace_id":"3SLKWFBMD7A33WCL","route":"accept","client_tag":"Ct6DkhJvHm_2","endpoint_tag":"sEMXKveTZif4","pair_tag":"4mRMeJgKT8QU","client_trace_id":"GZOJDH6DVIPSH676","peer":"host","elapsed_ms":0,"message_type":1,"bytes":7}
{"time":"2026-10-11T00:39:17.132935666Z","level":"INFO","msg":"peer.read.ended","component":"relay","trace_id":"3SLKWFBMD7A33WCL","route":"accept","client_tag":"Ct6DkhJvHm_2","endpoint_tag":"sEMXKveTZif4","pair_tag":"4mRMeJgKT8QU","client_trace_id":"GZOJDH6DVIPSH676","peer":"host","elapsed_ms":0,"close_code":1006,"error_kind":"websocket_close"}
{"time":"2026-10-11T00:39:17.132944957Z","level":"INFO","msg":"pair.closing","component":"relay","trace_id":"GZOJDH6DVIPSH676","route":"connect","client_tag":"Ct6DkhJvHm_2","endpoint_tag":"sEMXKveTZif4","pair_tag":"4mRMeJgKT8QU","elapsed_ms":0,"phase":"active","close_code":1001,"reason":"peer disconnected"}
{"time":"2026-10-11T00:39:17.13296504Z","level":"INFO","msg":"peer.read.ended","component":"relay","trace_id":"GZOJDH6DVIPSH676","route":"connect","client_tag":"Ct6DkhJvHm_2","endpoint_tag":"sEMXKveTZif4","pair_tag":"4mRMeJgKT8QU","peer":"client","elapsed_ms":0,"close_code":0,"error_kind":"io_error"}
{"time":"2026-10-11T00:39:17.132983332Z","level":"INFO","msg":"peer.ended","component":"relay","trace_id":"3SLKWFBMD7A33WCL","route":"accept","client_tag":"Ct6DkhJvHm_2","endpoint_tag":"sEMXKveTZif4","pair_tag":"4mRMeJgKT8QU","client_trace_id":"GZOJDH6DVIPSH676","peer":"host","elapsed_ms":0,"forwarded_bytes":3127,"forwarded_messages":6}
{"time":"2026-10-11T00:39:17.132988749Z","level":"INFO","msg":"request.end","component":"relay","trace_id":"3SLKWFBMD7A33WCL","route":"accept","client_tag":"Ct6DkhJvHm_2","endpoint_tag":"sEMXKveTZif4","elapsed_ms":0,"status":101,"upgraded":true}
{"time":"2026-10-11T00:39:17.132994957Z","level":"INFO","msg":"peer.ended","component":"relay","trace_id":"GZOJDH6DVIPSH676","route":"connect","client_tag":"Ct6DkhJvHm_2","endpoint_tag":"sEMXKveTZif4","pair_tag":"4mRMeJgKT8QU","peer":"client","elapsed_ms":0,"forwarded_bytes":7288,"forwarded_messages":14}
{"time":"2026-10-11T00:39:17.132999707Z","level":"INFO","msg":"pair.closed","component":"relay","trace_id":"GZOJDH6DVIPSH676","route":"connect","client_tag":"Ct6DkhJvHm_2","endpoint_tag":"sEMXKveTZif4","pair_tag":"4mRMeJgKT8QU","elapsed_ms":0,"phase":"active","close_code":1001,"reason":"peer disconnected","bytes_to_host":7288,"bytes_to_client":3127,"messages_to_host":14,"messages_to_client":6}
{"time":"2026-10-11T00:39:17.133004707Z","level":"INFO","msg":"request.end","component":"relay","trace_id":"GZOJDH6DVIPSH676","route":"connect","client_tag":"Ct6DkhJvHm_2","endpoint_tag":"sEMXKveTZif4","elapsed_ms":0,"status":101,"upgraded":true}
{"time":"2026-10-11T00:39:17.133089706Z","level":"INFO","msg":"control.read.ended","component":"relay","trace_id":"ZYOLZ3NKHHOWH3WX","route":"control","client_tag":"Ct6DkhJvHm_2","endpoint_tag":"sEMXKveTZif4","peer":"control","elapsed_ms":0,"close_code":0,"error_kind":"io_error"}
{"time":"2026-10-11T00:39:17.13310079Z","level":"INFO","msg":"host.removed","component":"relay","trace_id":"ZYOLZ3NKHHOWH3WX","route":"control","client_tag":"Ct6DkhJvHm_2","endpoint_tag":"sEMXKveTZif4","elapsed_ms":0,"pairs_closing":0,"bytes_to_host":7288,"bytes_from_host":3127}
{"time":"2026-10-11T00:39:17.133107123Z","level":"INFO","msg":"peer.close.sending","component":"relay","trace_id":"ZYOLZ3NKHHOWH3WX","route":"control","client_tag":"Ct6DkhJvHm_2","endpoint_tag":"sEMXKveTZif4","peer":"control","elapsed_ms":0,"close_code":1001,"reason":"peer disconnected"}
{"time":"2026-10-11T00:39:17.133120498Z","level":"INFO","msg":"request.end","component":"relay","trace_id":"ZYOLZ3NKHHOWH3WX","route":"control","client_tag":"Ct6DkhJvHm_2","endpoint_tag":"sEMXKveTZif4","elapsed_ms":0,"status":101,"upgraded":true}
2026/10/11 00:39:17 relay: draining
2026/10/11 00:39:17 relay: stopped after 0s with 0 pairs force-closed
